WWWWWWWWWWWWWWWWWWWWWWWWWWWWWWWWWWWWWWWW
WWWWWWWWWWWWWWWWWWWWWWWWWWWWWWWWWWWWWWWW
WWWW          WWWW        WWWW        WW
WWWW          WWWW        WWWW        WW
WW    WWWW          WWWWWWWWWW        WW
WW    WWWW          WWWWWWWWWW        WW
WW      WWWWWWWW              WW      WW
WW      WWWWWWWW              WW      WW
WW      WW    WWWWWWWW    WWWWWWWW    WW
WW      WW    WWWWWWWW    WWWWWWWW    WW
WW  WWWWWW    WWWWWWWW                WW
WW  WWWWWW    WWWWWWWW                WW
WW      WW          WW  WW    WWWW    WW
WW      WW          WW  WW    WWWW    WW
WW      WW  WWWW    WW      WWWW    WWWW
WW      WW  WWWW    WW      WWWW    WWWW
WW            WW      WW    WW        WW
WW            WW      WW    WW        WW
WW    WW          WWWW        WW      WW
WW    WW          WWWW        WW      WW
WW    WW  WWWWWW  WWWWWW  WW  WW  WW  WW
WW    WW  WWWWWW  WWWWWW  WW  WW  WW  WW
WW          WW      WW      WW  WW    WW
WW@         WW      WW      WW  WW    WW
WWWWWW      WW        WW    WW  WW    WW
WWWWWW      WW        WW    WW  WW    WW
WW  WW  WWWW          WWWW            WW
WW  WW  WWWW          WWWW            WW
WW  WW    WW  WWWWWWWW      WWWWWW    WW
WW  WW    WW  WWWWWWWW      WWWWWW    WW
WW          WW       WW         WW    WW
WW          WW       WW         WW    WW
WW      WW        WW        WW        WW
WW      WW        WW        WW        WW
WW    WW      WW        WW      WW    WW
WW    WW      WW        WW      WW    WW
WW        WW            WW      WW     F
WW        WW            WW      WW     F
WWWWWWWWWWWWWWWWWWWWWWWWWWWWWWWWWWWWWWWW
WWWWWWWWWWWWWWWWWWWWWWWWWWWWWWWWWWWWWWWW